******************************************************************************
                  TI ARM Linker PC v18.12.2                    
******************************************************************************
>> Linked Mon Mar 23 13:05:55 2020

OUTPUT FILE NAME:   <13_RTOS.out>
ENTRY POINT SYMBOL: "_c_int00_noargs"  address: 00002569


MEMORY CONFIGURATION

         name            origin    length      used     unused   attr    fill
----------------------  --------  ---------  --------  --------  ----  --------
  FLASH                 00000000   00040000  0000265e  0003d9a2  R  X
  SRAM                  20000000   00008000  00005640  000029c0  RW X


SEGMENT ALLOCATION MAP

run origin  load origin   length   init length attrs members
----------  ----------- ---------- ----------- ----- -------
00000000    00000000    00002660   00002660    r-x
  00000000    00000000    0000026c   0000026c    r-- .intvecs
  0000026c    0000026c    00002382   00002382    r-x .text
  000025f0    000025f0    00000070   00000070    r-- .cinit
20000000    20000000    00005647   00000000    rw-
  20000000    20000000    00005379   00000000    rw- .bss
  20005380    20005380    00000200   00000000    rw- .stack
  20005580    20005580    000000c7   00000000    rw- .data


SECTION ALLOCATION MAP

 output                                  attributes/
section   page    origin      length       input sections
--------  ----  ----------  ----------   ----------------
.intvecs   0    00000000    0000026c     
                  00000000    0000026c     tm4c123gh6pm_startup_ccs.obj (.intvecs)

.text      0    0000026c    00002382     
                  0000026c    00002068     13_main.obj (.text)
                  000022d4    000000d0     13_opasm.obj (.text)
                  000023a4    0000009c     rtsv7M4_T_le_v4SPD16_eabi.lib : memcpy_t2.asm.obj (.text)
                  00002440    0000007a                                   : memset_t2.asm.obj (.text)
                  000024ba    00000068                                   : copy_decompress_lzss.c.obj (.text:decompress:lzss:__TI_decompress_lzss)
                  00002522    00000002     --HOLE-- [fill = 0]
                  00002524    00000044                                   : autoinit.c.obj (.text:__TI_auto_init_nobinit_nopinit:__TI_auto_init_nobinit_nopinit)
                  00002568    00000034                                   : boot_cortex_m.c.obj (.text:_c_int00_noargs:_c_int00_noargs)
                  0000259c    00000024     wait.obj (.text)
                  000025c0    0000000e     rtsv7M4_T_le_v4SPD16_eabi.lib : copy_decompress_none.c.obj (.text:decompress:none:__TI_decompress_none)
                  000025ce    0000000c                                   : copy_zero_init.c.obj (.text:decompress:ZI:__TI_zero_init)
                  000025da    0000000c     tm4c123gh6pm_startup_ccs.obj (.text)
                  000025e6    00000004     rtsv7M4_T_le_v4SPD16_eabi.lib : pre_init.c.obj (.text:_system_pre_init)
                  000025ea    00000004                                   : exit.c.obj (.text:abort:abort)

.cinit     0    000025f0    00000070     
                  000025f0    0000004c     (.cinit..data.load) [load image, compression = lzss]
                  0000263c    0000000c     (__TI_handler_table)
                  00002648    00000008     (.cinit..bss.load) [load image, compression = zero_init]
                  00002650    00000010     (__TI_cinit_table)

.init_array 
*          0    00000000    00000000     UNINITIALIZED

.bss       0    20000000    00005379     UNINITIALIZED
                  20000000    00005000     (.common:stack)
                  20005000    00000208     (.common:tcb)
                  20005208    000000c8     (.common:semaphores)
                  200052d0    00000050     (.common:input)
                  20005320    00000028     (.common:cputime)
                  20005348    0000000c     13_main.obj (.bss:str$14)
                  20005354    00000008     13_main.obj (.bss)
                  2000535c    00000008     (.common:position)
                  20005364    00000004     (.common:flashReq)
                  20005368    00000004     (.common:keyPressed)
                  2000536c    00000004     (.common:keyReleased)
                  20005370    00000004     (.common:resource)
                  20005374    00000004     (.common:s)
                  20005378    00000001     (.common:arg_count)

.data      0    20005580    000000c7     UNINITIALIZED
                  20005580    00000040     13_main.obj (.data:param_array)
                  200055c0    00000038     13_main.obj (.data:instructdb)
                  200055f8    0000002f     13_main.obj (.data)
                  20005627    00000010     13_main.obj (.data:taskName$20)
                  20005637    00000010     13_main.obj (.data:temp_param)

.stack     0    20005380    00000200     UNINITIALIZED
                  20005380    00000004     rtsv7M4_T_le_v4SPD16_eabi.lib : boot_cortex_m.c.obj (.stack)
                  20005384    000001fc     --HOLE--

MODULE SUMMARY

       Module                         code   ro data   rw data
       ------                         ----   -------   -------
    .\
       13_main.obj                    8296   0         21568  
       tm4c123gh6pm_startup_ccs.obj   12     620       0      
       13_opasm.obj                   208    0         0      
       wait.obj                       36     0         0      
    +--+------------------------------+------+---------+---------+
       Total:                         8552   620       21568  
                                                              
    C:\ti\ccs910\ccs\tools\compiler\ti-cgt-arm_18.12.2.LTS\lib\rtsv7M4_T_le_v4SPD16_eabi.lib
       memcpy_t2.asm.obj              156    0         0      
       memset_t2.asm.obj              122    0         0      
       copy_decompress_lzss.c.obj     104    0         0      
       autoinit.c.obj                 68     0         0      
       boot_cortex_m.c.obj            52     0         0      
       copy_decompress_none.c.obj     14     0         0      
       copy_zero_init.c.obj           12     0         0      
       exit.c.obj                     4      0         0      
       pre_init.c.obj                 4      0         0      
    +--+------------------------------+------+---------+---------+
       Total:                         536    0         0      
                                                              
       Stack:                         0      0         512    
       Linker Generated:              0      112       0      
    +--+------------------------------+------+---------+---------+
       Grand Total:                   9088   732       22080  


LINKER GENERATED COPY TABLES

__TI_cinit_table @ 00002650 records: 2, size/record: 8, table size: 16
	.data: load addr=000025f0, load size=0000004c bytes, run addr=20005580, run size=000000c7 bytes, compression=lzss
	.bss: load addr=00002648, load size=00000008 bytes, run addr=20000000, run size=00005379 bytes, compression=zero_init


LINKER GENERATED HANDLER TABLE

__TI_handler_table @ 0000263c records: 3, size/record: 4, table size: 12
	index: 0, handler: __TI_decompress_lzss
	index: 1, handler: __TI_decompress_none
	index: 2, handler: __TI_zero_init


GLOBAL SYMBOLS: SORTED ALPHABETICALLY BY Name 

address   name                          
-------   ----                          
000025eb  C$$EXIT                       
000025db  ResetISR                      
20005580  __STACK_END                   
00000200  __STACK_SIZE                  
20005580  __STACK_TOP                   
00002650  __TI_CINIT_Base               
00002660  __TI_CINIT_Limit              
0000263c  __TI_Handler_Table_Base       
00002648  __TI_Handler_Table_Limit      
00002525  __TI_auto_init_nobinit_nopinit
000024bb  __TI_decompress_lzss          
000025c1  __TI_decompress_none          
ffffffff  __TI_pprof_out_hndl           
ffffffff  __TI_prof_data_size           
ffffffff  __TI_prof_data_start          
00000000  __TI_static_base__            
000025cf  __TI_zero_init                
00002441  __aeabi_memclr                
00002441  __aeabi_memclr4               
00002441  __aeabi_memclr8               
000023a5  __aeabi_memcpy                
000023a5  __aeabi_memcpy4               
000023a5  __aeabi_memcpy8               
00002443  __aeabi_memset                
00002443  __aeabi_memset4               
00002443  __aeabi_memset8               
ffffffff  __binit__                     
ffffffff  __c_args__                    
UNDEFED   __mpu_init                    
20005380  __stack                       
00002569  _c_int00_noargs               
UNDEFED   _system_post_cinit            
000025e7  _system_pre_init              
000025eb  abort                         
000022f1  activate_PSP                  
20005378  arg_count                     
ffffffff  binit                         
000019a5  checkCommand                  
000013ff  clrParameterArray             
000013cd  clrPositionArray              
20005320  cputime                       
00000791  createSemaphore               
000005e1  createThread                  
00001fa5  debounce                      
00000705  destroyThread                 
00002371  dummyStackOP                  
00001669  executeIpcs                   
000014e1  executePS                     
00001cd9  flash4Hz                      
20005364  flashReq                      
00000000  g_pfnVectors                  
0000231f  get_PSP                       
0000232b  get_R0                        
000010e1  getcUart0                     
000012b1  getposition                   
00001439  getsUart0                     
00001cbd  idle                          
0000200d  important                     
00000f69  initHw                        
00000445  initRtos                      
00001005  initUart0                     
200052d0  input                         
200055c0  instructdb                    
20005368  keyPressed                    
2000536c  keyReleased                   
00001e69  lengthyFn                     
00002065  main                          
000023a5  memcpy                        
00002449  memset                        
0000232d  moveDummy1R4_11               
0000234f  moveDummy2R4_11               
0000026d  myInsertChar                  
000002fd  my_atoi                       
000003fd  my_strcmp                     
000003c7  my_strcpy                     
00000383  my_strtok                     
000002d1  mystrlen                      
00001cf1  oneshot                       
20005580  param_array                   
00001d11  partOfLengthyFn               
00000929  pendSvIsr                     
00002315  popPSP_R4_11                  
2000535c  position                      
00000845  post                          
200055fb  prInherit                     
200055fc  preempt                       
0000189d  printPid                      
00002307  pushPSP_R4_11                 
00001093  putcUart0                     
000010b1  putsUart0                     
00001115  putsUartInt                   
00001f01  readKeys                      
00001c51  readPbs                       
20005370  resource                      
000006f3  restartThread                 
00000499  rtosScheduler                 
20005374  s                             
200055ff  sched                         
200055f8  semaphoreCount                
20005208  semaphores                    
00000719  setThreadPriority             
00002325  set_PSP                       
00002041  shell                         
00000829  sleep                         
20000000  stack                         
000007d1  startRtos                     
00000a61  svCallIsr                     
00000851  systickIsr                    
200055fa  taskCount                     
200055f9  taskCurrent                   
20005000  tcb                           
20005637  temp_param                    
00001ff5  uncooperative                 
00000839  wait                          
0000259d  waitMicrosecond               
000022e1  waitPbPress                   
00000821  yield                         


GLOBAL SYMBOLS: SORTED BY Symbol Address 

address   name                          
-------   ----                          
00000000  __TI_static_base__            
00000000  g_pfnVectors                  
00000200  __STACK_SIZE                  
0000026d  myInsertChar                  
000002d1  mystrlen                      
000002fd  my_atoi                       
00000383  my_strtok                     
000003c7  my_strcpy                     
000003fd  my_strcmp                     
00000445  initRtos                      
00000499  rtosScheduler                 
000005e1  createThread                  
000006f3  restartThread                 
00000705  destroyThread                 
00000719  setThreadPriority             
00000791  createSemaphore               
000007d1  startRtos                     
00000821  yield                         
00000829  sleep                         
00000839  wait                          
00000845  post                          
00000851  systickIsr                    
00000929  pendSvIsr                     
00000a61  svCallIsr                     
00000f69  initHw                        
00001005  initUart0                     
00001093  putcUart0                     
000010b1  putsUart0                     
000010e1  getcUart0                     
00001115  putsUartInt                   
000012b1  getposition                   
000013cd  clrPositionArray              
000013ff  clrParameterArray             
00001439  getsUart0                     
000014e1  executePS                     
00001669  executeIpcs                   
0000189d  printPid                      
000019a5  checkCommand                  
00001c51  readPbs                       
00001cbd  idle                          
00001cd9  flash4Hz                      
00001cf1  oneshot                       
00001d11  partOfLengthyFn               
00001e69  lengthyFn                     
00001f01  readKeys                      
00001fa5  debounce                      
00001ff5  uncooperative                 
0000200d  important                     
00002041  shell                         
00002065  main                          
000022e1  waitPbPress                   
000022f1  activate_PSP                  
00002307  pushPSP_R4_11                 
00002315  popPSP_R4_11                  
0000231f  get_PSP                       
00002325  set_PSP                       
0000232b  get_R0                        
0000232d  moveDummy1R4_11               
0000234f  moveDummy2R4_11               
00002371  dummyStackOP                  
000023a5  __aeabi_memcpy                
000023a5  __aeabi_memcpy4               
000023a5  __aeabi_memcpy8               
000023a5  memcpy                        
00002441  __aeabi_memclr                
00002441  __aeabi_memclr4               
00002441  __aeabi_memclr8               
00002443  __aeabi_memset                
00002443  __aeabi_memset4               
00002443  __aeabi_memset8               
00002449  memset                        
000024bb  __TI_decompress_lzss          
00002525  __TI_auto_init_nobinit_nopinit
00002569  _c_int00_noargs               
0000259d  waitMicrosecond               
000025c1  __TI_decompress_none          
000025cf  __TI_zero_init                
000025db  ResetISR                      
000025e7  _system_pre_init              
000025eb  C$$EXIT                       
000025eb  abort                         
0000263c  __TI_Handler_Table_Base       
00002648  __TI_Handler_Table_Limit      
00002650  __TI_CINIT_Base               
00002660  __TI_CINIT_Limit              
20000000  stack                         
20005000  tcb                           
20005208  semaphores                    
200052d0  input                         
20005320  cputime                       
2000535c  position                      
20005364  flashReq                      
20005368  keyPressed                    
2000536c  keyReleased                   
20005370  resource                      
20005374  s                             
20005378  arg_count                     
20005380  __stack                       
20005580  __STACK_END                   
20005580  __STACK_TOP                   
20005580  param_array                   
200055c0  instructdb                    
200055f8  semaphoreCount                
200055f9  taskCurrent                   
200055fa  taskCount                     
200055fb  prInherit                     
200055fc  preempt                       
200055ff  sched                         
20005637  temp_param                    
ffffffff  __TI_pprof_out_hndl           
ffffffff  __TI_prof_data_size           
ffffffff  __TI_prof_data_start          
ffffffff  __binit__                     
ffffffff  __c_args__                    
ffffffff  binit                         
UNDEFED   __mpu_init                    
UNDEFED   _system_post_cinit            

[117 symbols]
