******************************************************************************
                  TI ARM Linker PC v18.12.2                    
******************************************************************************
>> Linked Wed May  6 13:43:40 2020

OUTPUT FILE NAME:   <RTOS.out>
ENTRY POINT SYMBOL: "_c_int00_noargs"  address: 00002eb9


MEMORY CONFIGURATION

         name            origin    length      used     unused   attr    fill
----------------------  --------  ---------  --------  --------  ----  --------
  FLASH                 00000000   00040000  00002ffc  0003d004  R  X
  SRAM                  20000000   00008000  00005532  00002ace  RW X


SEGMENT ALLOCATION MAP

run origin  load origin   length   init length attrs members
----------  ----------- ---------- ----------- ----- -------
00000000    00000000    00003000   00003000    r-x
  00000000    00000000    0000026c   0000026c    r-- .intvecs
  0000026c    0000026c    00002cd0   00002cd0    r-x .text
  00002f3c    00002f3c    00000080   00000080    r-- .const
  00002fc0    00002fc0    00000040   00000040    r-- .cinit
20000000    20000000    00005532   00000000    rw-
  20000000    20000000    00005310   00000000    rw- .bss
  20005310    20005310    00000200   00000000    rw- .stack
  20005510    20005510    00000022   00000000    rw- .data


SECTION ALLOCATION MAP

 output                                  attributes/
section   page    origin      length       input sections
--------  ----  ----------  ----------   ----------------
.intvecs   0    00000000    0000026c     
                  00000000    0000026c     tm4c123gh6pm_startup_ccs.obj (.intvecs)

.text      0    0000026c    00002cd0     
                  0000026c    000029a0     13_main.obj (.text)
                  00002c0c    000000ea     13_opasm.obj (.text)
                  00002cf6    0000009c     rtsv7M4_T_le_v4SPD16_eabi.lib : memcpy_t2.asm.obj (.text)
                  00002d92    0000007a                                   : memset_t2.asm.obj (.text)
                  00002e0c    00000068                                   : copy_decompress_lzss.c.obj (.text:decompress:lzss:__TI_decompress_lzss)
                  00002e74    00000044                                   : autoinit.c.obj (.text:__TI_auto_init_nobinit_nopinit:__TI_auto_init_nobinit_nopinit)
                  00002eb8    00000034                                   : boot_cortex_m.c.obj (.text:_c_int00_noargs:_c_int00_noargs)
                  00002eec    00000024     wait.obj (.text)
                  00002f10    0000000e     rtsv7M4_T_le_v4SPD16_eabi.lib : copy_decompress_none.c.obj (.text:decompress:none:__TI_decompress_none)
                  00002f1e    0000000c                                   : copy_zero_init.c.obj (.text:decompress:ZI:__TI_zero_init)
                  00002f2a    0000000a     tm4c123gh6pm_startup_ccs.obj (.text)
                  00002f34    00000004     rtsv7M4_T_le_v4SPD16_eabi.lib : pre_init.c.obj (.text:_system_pre_init)
                  00002f38    00000004                                   : exit.c.obj (.text:abort:abort)

.const     0    00002f3c    00000080     
                  00002f3c    00000040     13_main.obj (.const:$P$T0$12)
                  00002f7c    00000040     13_main.obj (.const:$P$T1$13)

.cinit     0    00002fc0    00000040     
                  00002fc0    00000016     (.cinit..data.load) [load image, compression = lzss]
                  00002fd6    00000002     --HOLE-- [fill = 0]
                  00002fd8    0000000c     (__TI_handler_table)
                  00002fe4    00000004     --HOLE-- [fill = 0]
                  00002fe8    00000008     (.cinit..bss.load) [load image, compression = zero_init]
                  00002ff0    00000010     (__TI_cinit_table)

.init_array 
*          0    00000000    00000000     UNINITIALIZED

.bss       0    20000000    00005310     UNINITIALIZED
                  20000000    00005000     (.common:stack)
                  20005000    00000208     (.common:tcb)
                  20005208    000000c8     (.common:semaphores)
                  200052d0    00000028     (.common:cputime)
                  200052f8    0000000c     13_main.obj (.bss:str$6)
                  20005304    00000008     13_main.obj (.bss)
                  2000530c    00000004     (.common:s)

.data      0    20005510    00000022     UNINITIALIZED
                  20005510    00000012     13_main.obj (.data)
                  20005522    00000010     13_main.obj (.data:taskName$9)

.stack     0    20005310    00000200     UNINITIALIZED
                  20005310    00000004     rtsv7M4_T_le_v4SPD16_eabi.lib : boot_cortex_m.c.obj (.stack)
                  20005314    000001fc     --HOLE--

MODULE SUMMARY

       Module                         code    ro data   rw data
       ------                         ----    -------   -------
    .\
       13_main.obj                    10656   128       21298  
       tm4c123gh6pm_startup_ccs.obj   10      620       0      
       13_opasm.obj                   234     0         0      
       wait.obj                       36      0         0      
    +--+------------------------------+-------+---------+---------+
       Total:                         10936   748       21298  
                                                               
    C:\ti\ccs910\ccs\tools\compiler\ti-cgt-arm_18.12.2.LTS\lib\rtsv7M4_T_le_v4SPD16_eabi.lib
       memcpy_t2.asm.obj              156     0         0      
       memset_t2.asm.obj              122     0         0      
       copy_decompress_lzss.c.obj     104     0         0      
       autoinit.c.obj                 68      0         0      
       boot_cortex_m.c.obj            52      0         0      
       copy_decompress_none.c.obj     14      0         0      
       copy_zero_init.c.obj           12      0         0      
       exit.c.obj                     4       0         0      
       pre_init.c.obj                 4       0         0      
    +--+------------------------------+-------+---------+---------+
       Total:                         536     0         0      
                                                               
       Stack:                         0       0         512    
       Linker Generated:              0       58        0      
    +--+------------------------------+-------+---------+---------+
       Grand Total:                   11472   806       21810  


LINKER GENERATED COPY TABLES

__TI_cinit_table @ 00002ff0 records: 2, size/record: 8, table size: 16
	.data: load addr=00002fc0, load size=00000016 bytes, run addr=20005510, run size=00000022 bytes, compression=lzss
	.bss: load addr=00002fe8, load size=00000008 bytes, run addr=20000000, run size=00005310 bytes, compression=zero_init


LINKER GENERATED HANDLER TABLE

__TI_handler_table @ 00002fd8 records: 3, size/record: 4, table size: 12
	index: 0, handler: __TI_decompress_lzss
	index: 1, handler: __TI_decompress_none
	index: 2, handler: __TI_zero_init


GLOBAL SYMBOLS: SORTED ALPHABETICALLY BY Name 

address   name                          
-------   ----                          
00002f39  C$$EXIT                       
00002f2b  ResetISR                      
20005510  __STACK_END                   
00000200  __STACK_SIZE                  
20005510  __STACK_TOP                   
00002ff0  __TI_CINIT_Base               
00003000  __TI_CINIT_Limit              
00002fd8  __TI_Handler_Table_Base       
00002fe4  __TI_Handler_Table_Limit      
00002e75  __TI_auto_init_nobinit_nopinit
00002e0d  __TI_decompress_lzss          
00002f11  __TI_decompress_none          
ffffffff  __TI_pprof_out_hndl           
ffffffff  __TI_prof_data_size           
ffffffff  __TI_prof_data_start          
00000000  __TI_static_base__            
00002f1f  __TI_zero_init                
00002d93  __aeabi_memclr                
00002d93  __aeabi_memclr4               
00002d93  __aeabi_memclr8               
00002cf7  __aeabi_memcpy                
00002cf7  __aeabi_memcpy4               
00002cf7  __aeabi_memcpy8               
00002d95  __aeabi_memset                
00002d95  __aeabi_memset4               
00002d95  __aeabi_memset8               
ffffffff  __binit__                     
ffffffff  __c_args__                    
UNDEFED   __mpu_init                    
20005310  __stack                       
00002eb9  _c_int00_noargs               
UNDEFED   _system_post_cinit            
00002f35  _system_pre_init              
00002f39  abort                         
00002c37  activate_PSP                  
ffffffff  binit                         
0000215d  busFaultISR                   
00002569  checkCommand                  
00001d9b  clrParameterArray             
00001d67  clrPositionArray              
200052d0  cputime                       
00000709  createSemaphore               
000005cf  createThread                  
0000284b  debounce                      
000006ed  destroyThread                 
0000078b  disableSRAM                   
00002cc3  dummyStackOP                  
000028b3  errant                        
000023bb  executeIpcs                   
00002421  executePI                     
0000238d  executePS                     
0000242d  executePreempt                
000023d7  executeSched                  
000026f3  flash4Hz                      
00000000  g_pfnVectors                  
000024bb  getCommandNum                 
00002471  getRestartPPID                
00002c6b  get_MSP                       
00002c65  get_PSP                       
00002c77  get_R0                        
00002c7b  get_R1                        
00000a21  getcUart0                     
00001c3d  getposition                   
00001e55  getsUart0                     
00002285  hardFaultISR                  
000026d7  idle                          
000028e7  important                     
00001a51  initHw                        
00000437  initRtos                      
00001b09  initUart0                     
00002735  lengthyFn                     
000029ad  main                          
00002cf7  memcpy                        
00002d9b  memset                        
00002c7f  moveDummy1R4_11               
00002ca1  moveDummy2R4_11               
00001fdd  mpuFaultISR                   
00000775  mpuInitNVIC                   
00000741  mpuInitSRAM1                  
0000075d  mpuInitSRAM2                  
0000026d  myInsertChar                  
000002ff  my_atoi                       
000003ef  my_strcmp                     
000003b9  my_strcpy                     
00000375  my_strtok                     
000002d1  mystrlen                      
00002707  oneshot                       
00002725  partOfLengthyFn               
00000c15  pendSvIsr                     
00002c5b  popPSP_R4_11                  
000008f3  post                          
20005513  prInherit                     
20005514  preempt                       
00002439  printPid                      
00001ef1  printStack                    
00002c4d  pushPSP_R4_11                 
000009d9  putcUart0                     
000009f5  putsUart0                     
00000a89  putsUartInt                   
000027ad  readKeys                      
00002659  readPbs                       
000006e1  restartThread                 
00000485  rtosScheduler                 
2000530c  s                             
20005517  sched                         
20005510  semaphoreCount                
20005208  semaphores                    
00002c29  setTMPL                       
000006f9  setThreadPriority             
00002c71  set_PSP                       
00002935  shell                         
000008d9  sleep                         
20000000  stack                         
00000835  startRtos                     
00000dad  svCallIsr                     
000007bd  switchMPURegion               
0000090d  systickIsr                    
20005512  taskCount                     
20005511  taskCurrent                   
20005000  tcb                           
000021e3  usageFaultISR                 
000008e5  wait                          
00002eed  waitMicrosecond               
00002c19  waitPbPress                   
000008d1  yield                         


GLOBAL SYMBOLS: SORTED BY Symbol Address 

address   name                          
-------   ----                          
00000000  __TI_static_base__            
00000000  g_pfnVectors                  
00000200  __STACK_SIZE                  
0000026d  myInsertChar                  
000002d1  mystrlen                      
000002ff  my_atoi                       
00000375  my_strtok                     
000003b9  my_strcpy                     
000003ef  my_strcmp                     
00000437  initRtos                      
00000485  rtosScheduler                 
000005cf  createThread                  
000006e1  restartThread                 
000006ed  destroyThread                 
000006f9  setThreadPriority             
00000709  createSemaphore               
00000741  mpuInitSRAM1                  
0000075d  mpuInitSRAM2                  
00000775  mpuInitNVIC                   
0000078b  disableSRAM                   
000007bd  switchMPURegion               
00000835  startRtos                     
000008d1  yield                         
000008d9  sleep                         
000008e5  wait                          
000008f3  post                          
0000090d  systickIsr                    
000009d9  putcUart0                     
000009f5  putsUart0                     
00000a21  getcUart0                     
00000a89  putsUartInt                   
00000c15  pendSvIsr                     
00000dad  svCallIsr                     
00001a51  initHw                        
00001b09  initUart0                     
00001c3d  getposition                   
00001d67  clrPositionArray              
00001d9b  clrParameterArray             
00001e55  getsUart0                     
00001ef1  printStack                    
00001fdd  mpuFaultISR                   
0000215d  busFaultISR                   
000021e3  usageFaultISR                 
00002285  hardFaultISR                  
0000238d  executePS                     
000023bb  executeIpcs                   
000023d7  executeSched                  
00002421  executePI                     
0000242d  executePreempt                
00002439  printPid                      
00002471  getRestartPPID                
000024bb  getCommandNum                 
00002569  checkCommand                  
00002659  readPbs                       
000026d7  idle                          
000026f3  flash4Hz                      
00002707  oneshot                       
00002725  partOfLengthyFn               
00002735  lengthyFn                     
000027ad  readKeys                      
0000284b  debounce                      
000028b3  errant                        
000028e7  important                     
00002935  shell                         
000029ad  main                          
00002c19  waitPbPress                   
00002c29  setTMPL                       
00002c37  activate_PSP                  
00002c4d  pushPSP_R4_11                 
00002c5b  popPSP_R4_11                  
00002c65  get_PSP                       
00002c6b  get_MSP                       
00002c71  set_PSP                       
00002c77  get_R0                        
00002c7b  get_R1                        
00002c7f  moveDummy1R4_11               
00002ca1  moveDummy2R4_11               
00002cc3  dummyStackOP                  
00002cf7  __aeabi_memcpy                
00002cf7  __aeabi_memcpy4               
00002cf7  __aeabi_memcpy8               
00002cf7  memcpy                        
00002d93  __aeabi_memclr                
00002d93  __aeabi_memclr4               
00002d93  __aeabi_memclr8               
00002d95  __aeabi_memset                
00002d95  __aeabi_memset4               
00002d95  __aeabi_memset8               
00002d9b  memset                        
00002e0d  __TI_decompress_lzss          
00002e75  __TI_auto_init_nobinit_nopinit
00002eb9  _c_int00_noargs               
00002eed  waitMicrosecond               
00002f11  __TI_decompress_none          
00002f1f  __TI_zero_init                
00002f2b  ResetISR                      
00002f35  _system_pre_init              
00002f39  C$$EXIT                       
00002f39  abort                         
00002fd8  __TI_Handler_Table_Base       
00002fe4  __TI_Handler_Table_Limit      
00002ff0  __TI_CINIT_Base               
00003000  __TI_CINIT_Limit              
20000000  stack                         
20005000  tcb                           
20005208  semaphores                    
200052d0  cputime                       
2000530c  s                             
20005310  __stack                       
20005510  __STACK_END                   
20005510  __STACK_TOP                   
20005510  semaphoreCount                
20005511  taskCurrent                   
20005512  taskCount                     
20005513  prInherit                     
20005514  preempt                       
20005517  sched                         
ffffffff  __TI_pprof_out_hndl           
ffffffff  __TI_prof_data_size           
ffffffff  __TI_prof_data_start          
ffffffff  __binit__                     
ffffffff  __c_args__                    
ffffffff  binit                         
UNDEFED   __mpu_init                    
UNDEFED   _system_post_cinit            

[125 symbols]
